{"title":"csonschema RAML API","baseUri":"https://{server.com}/api","version":"1.2","protocols":["HTTPS"],"resources":[{"displayName":"a resource can have a display name","description":"<h2 id=\"welikebolddescriptions\">we like bold descriptions</h2>\n\n<p>a resource can have a <strong>description</strong> too?</p>","relativeUri":"/resource","methods":[{"description":"<h1 id=\"attention\">attention</h1>\n\n<p>we can post to this API too</p>","body":{"application/json":{"schema":"{\n  \"$schema\": \"http://json-schema.org/draft-03/schema\",\n  \"properties\": {\n    \"input\": {\n      \"required\": false,\n      \"type\": \"string\"\n    }\n  },\n  \"required\": false,\n  \"type\": \"object\"\n}","example":"{\n  \"input\": \"stuff\"\n}"}},"responses":{"200":{"description":"<p>A long description goes here.</p>","body":{"application/json":{"schema":"{\n  \"$schema\": \"http://json-schema.org/draft-03/schema\",\n  \"id\": \"simple\",\n  \"properties\": {\n    \"input\": {\n      \"required\": false,\n      \"type\": \"string\"\n    }\n  },\n  \"required\": false,\n  \"type\": \"object\"\n}","example":"{\n  \"input\": \"stuff\"\n}"}}}},"protocols":["HTTPS"],"method":"post","bodyDescription":"a long description <b>here we go bold</b> and there"}]}],"baseUriParameters":{"server.com":{"type":"string","required":true,"displayName":"server.com"}}}